nurayahmadova@Nurays-MacBook ~ % cd Desktop
nurayahmadova@Nurays-MacBook Desktop % mkdir Story 
nurayahmadova@Nurays-MacBook Desktop % cd Story
nurayahmadova@Nurays-MacBook Story % touch chapter1.txt
nurayahmadova@Nurays-MacBook Story % open chapter1.txt
nurayahmadova@Nurays-MacBook Story % git init
hint: Using 'master' as the name for the initial branch. This default branch name
hint: is subject to change. To configure the initial branch name to use in all
hint: of your new repositories, which will suppress this warning, call:
hint: 
hint: 	git config --global init.defaultBranch <name>
hint: 
hint: Names commonly chosen instead of 'master' are 'main', 'trunk' and
hint: 'development'. The just-created branch can be renamed via this command:
hint: 
hint: 	git branch -m <name>
Initialized empty Git repository in /Users/nurayahmadova/Desktop/Story/.git/
nurayahmadova@Nurays-MacBook Story % ls -a
.		..		.git		chapter1.txt
nurayahmadova@Nurays-MacBook Story % git status
On branch master

No commits yet

Untracked files:
  (use "git add <file>..." to include in what will be committed)
	chapter1.txt

nothing added to commit but untracked files present (use "git add" to track)
nurayahmadova@Nurays-MacBook Story % color 2
zsh: command not found: color
nurayahmadova@Nurays-MacBook Story % git add chapter1.txt
nurayahmadova@Nurays-MacBook Story % git status
On branch master

No commits yet

Changes to be committed:
  (use "git rm --cached <file>..." to unstage)
	new file:   chapter1.txt

nurayahmadova@Nurays-MacBook Story % git commit -m "Complete Chapter 1"
[master (root-commit) a0e1b6c] Complete Chapter 1
 1 file changed, 1 insertion(+)
 create mode 100644 chapter1.txt
nurayahmadova@Nurays-MacBook Story % git log
commit a0e1b6c4cdd9a2cee6c515a4f455dbed4ba4631b (HEAD -> master)
Author: NurayAhmadova <nuray.akhmedova@gmail.com>
Date:   Wed Oct 20 12:46:09 2021 +0400

    Complete Chapter 1
nurayahmadova@Nurays-MacBook Story % touch chapter2.txt
nurayahmadova@Nurays-MacBook Story % touch chapter3.txt
nurayahmadova@Nurays-MacBook Story % open chapter2.txt
nurayahmadova@Nurays-MacBook Story % open chapter3.txt
nurayahmadova@Nurays-MacBook Story % touch full_terminal_code.txt
nurayahmadova@Nurays-MacBook Story % open full_terminal_code.txt
nurayahmadova@Nurays-MacBook Story % 





